 
****************************************
Report : timing
        -path full
        -delay max
        -max_paths 1
Design : MyDesign
Version: P-2019.03-SP1
Date   : Thu Jul 28 02:06:58 2022
****************************************

Operating Conditions: slow   Library: NangateOpenCellLibrary_PDKv1_2_v2008_10_slow_nldm
Wire Load Model Mode: top

  Startpoint: input_matrix_reg[11]
              (rising edge-triggered flip-flop clocked by clk)
  Endpoint: dut_sram_write_data_reg[3]
            (rising edge-triggered flip-flop clocked by clk)
  Path Group: clk
  Path Type: max

  Point                                                   Incr       Path
  --------------------------------------------------------------------------
  clock clk (rise edge)                                 0.0000     0.0000
  clock network delay (ideal)                           0.0000     0.0000
  input_matrix_reg[11]/CK (DFF_X1)                      0.0000     0.0000 r
  input_matrix_reg[11]/Q (DFF_X1)                       0.5980     0.5980 f
  U316/ZN (XNOR2_X2)                                    0.3056     0.9036 f
  U319/ZN (XNOR2_X2)                                    0.3003     1.2039 f
  U230/ZN (XNOR2_X2)                                    0.2642     1.4680 f
  U229/ZN (XNOR2_X2)                                    0.3134     1.7814 f
  U228/ZN (XNOR2_X2)                                    0.2581     2.0395 f
  U227/ZN (NAND3_X2)                                    0.1464     2.1859 r
  U91/ZN (NAND3_X1)                                     0.0907     2.2766 f
  dut_sram_write_data_reg[3]/D (DFFR_X1)                0.0000     2.2766 f
  data arrival time                                                2.2766

  clock clk (rise edge)                                 2.7500     2.7500
  clock network delay (ideal)                           0.0000     2.7500
  clock uncertainty                                    -0.0500     2.7000
  dut_sram_write_data_reg[3]/CK (DFFR_X1)               0.0000     2.7000 r
  library setup time                                   -0.4229     2.2771
  data required time                                               2.2771
  --------------------------------------------------------------------------
  data required time                                               2.2771
  data arrival time                                               -2.2766
  --------------------------------------------------------------------------
  slack (MET)                                                      0.0004


1
